Microsoft (R) Build Engine version 16.11.6+a918ceb31 for .NET Framework
Copyright (C) Microsoft Corporation. All rights reserved.

  gmock.vcxproj -> C:\Users\jason\playground\lib\lite3-cpp\build\lib\Release\gmock.lib
  gmock_main.vcxproj -> C:\Users\jason\playground\lib\lite3-cpp\build\lib\Release\gmock_main.lib
  gtest.vcxproj -> C:\Users\jason\playground\lib\lite3-cpp\build\lib\Release\gtest.lib
  gtest_main.vcxproj -> C:\Users\jason\playground\lib\lite3-cpp\build\lib\Release\gtest_main.lib
  buffer.cpp
C:\Users\jason\playground\lib\lite3-cpp\src\buffer.cpp(144,25): warning C4018: '<=': signed/unsigned mismatch [C:\Users\jason\playground\lib\lite3-cpp\build\lite3-cpp.vcxproj]
C:\Users\jason\playground\lib\lite3-cpp\src\buffer.cpp(202,25): error C2664: 'int lite3cpp::compare_node_key(const uint8_t *,const lite3cpp::NodeView &,int,uint32_t,std::string_view,bool)': cannot convert argument 2 from 'lite3cpp::MutableNodeView' to 'const lite3cpp::NodeView &' [C:\Users\jason\playground\lib\lite3-cpp\build\lite3-cpp.vcxproj]
C:\Users\jason\playground\lib\lite3-cpp\src\buffer.cpp(203,51): message : Reason: cannot convert from 'lite3cpp::MutableNodeView' to 'const lite3cpp::NodeView' [C:\Users\jason\playground\lib\lite3-cpp\build\lite3-cpp.vcxproj]
C:\Users\jason\playground\lib\lite3-cpp\src\buffer.cpp(202,57): message : No user-defined-conversion operator available that can perform this conversion, or the operator cannot be called [C:\Users\jason\playground\lib\lite3-cpp\build\lite3-cpp.vcxproj]
C:\Users\jason\playground\lib\lite3-cpp\src\buffer.cpp(14,12): message : see declaration of 'lite3cpp::compare_node_key' [C:\Users\jason\playground\lib\lite3-cpp\build\lite3-cpp.vcxproj]
C:\Users\jason\playground\lib\lite3-cpp\src\buffer.cpp(206,22): error C2664: 'int lite3cpp::compare_node_key(const uint8_t *,const lite3cpp::NodeView &,int,uint32_t,std::string_view,bool)': cannot convert argument 2 from 'lite3cpp::MutableNodeView' to 'const lite3cpp::NodeView &' [C:\Users\jason\playground\lib\lite3-cpp\build\lite3-cpp.vcxproj]
C:\Users\jason\playground\lib\lite3-cpp\src\buffer.cpp(207,1): message : Reason: cannot convert from 'lite3cpp::MutableNodeView' to 'const lite3cpp::NodeView' [C:\Users\jason\playground\lib\lite3-cpp\build\lite3-cpp.vcxproj]
C:\Users\jason\playground\lib\lite3-cpp\src\buffer.cpp(206,54): message : No user-defined-conversion operator available that can perform this conversion, or the operator cannot be called [C:\Users\jason\playground\lib\lite3-cpp\build\lite3-cpp.vcxproj]
C:\Users\jason\playground\lib\lite3-cpp\src\buffer.cpp(14,12): message : see declaration of 'lite3cpp::compare_node_key' [C:\Users\jason\playground\lib\lite3-cpp\build\lite3-cpp.vcxproj]
C:\Users\jason\playground\lib\lite3-cpp\src\buffer.cpp(217,22): warning C4267: 'argument': conversion from 'size_t' to 'uint32_t', possible loss of data [C:\Users\jason\playground\lib\lite3-cpp\build\lite3-cpp.vcxproj]
C:\Users\jason\playground\lib\lite3-cpp\src\buffer.cpp(466,67): warning C4267: 'argument': conversion from 'size_t' to 'uint32_t', possible loss of data [C:\Users\jason\playground\lib\lite3-cpp\build\lite3-cpp.vcxproj]
C:\Users\jason\playground\lib\lite3-cpp\src\buffer.cpp(479,23): warning C4267: 'argument': conversion from 'size_t' to 'uint32_t', possible loss of data [C:\Users\jason\playground\lib\lite3-cpp\build\lite3-cpp.vcxproj]
C:\Users\jason\playground\lib\lite3-cpp\src\buffer.cpp(486,43): warning C4267: 'argument': conversion from 'size_t' to 'uint32_t', possible loss of data [C:\Users\jason\playground\lib\lite3-cpp\build\lite3-cpp.vcxproj]
C:\Users\jason\playground\lib\lite3-cpp\src\buffer.cpp(494,66): warning C4267: 'argument': conversion from 'size_t' to 'uint32_t', possible loss of data [C:\Users\jason\playground\lib\lite3-cpp\build\lite3-cpp.vcxproj]
C:\Users\jason\playground\lib\lite3-cpp\src\buffer.cpp(503,43): warning C4267: 'argument': conversion from 'size_t' to 'uint32_t', possible loss of data [C:\Users\jason\playground\lib\lite3-cpp\build\lite3-cpp.vcxproj]
