Microsoft (R) Build Engine version 16.11.6+a918ceb31 for .NET Framework
Copyright (C) Microsoft Corporation. All rights reserved.

  gtest.vcxproj -> C:\Users\jason\playground\lib\lite3-cpp\build\lib\Release\gtest.lib
  gtest_main.vcxproj -> C:\Users\jason\playground\lib\lite3-cpp\build\lib\Release\gtest_main.lib
  lite3-cpp.vcxproj -> C:\Users\jason\playground\lib\lite3-cpp\build\Release\lite3-cpp.lib
  test_observability.cpp
C:\Users\jason\playground\lib\lite3-cpp\test\test_observability.cpp(80,15): error C2259: 'MockMetrics': cannot instantiate abstract class [C:\Users\jason\playground\lib\lite3-cpp\build\lite3-cpp_test.vcxproj]
C:\Users\jason\playground\lib\lite3-cpp\test\test_observability.cpp(19): message : see declaration of 'MockMetrics' [C:\Users\jason\playground\lib\lite3-cpp\build\lite3-cpp_test.vcxproj]
C:\Users\jason\playground\lib\lite3-cpp\test\test_observability.cpp(80,15): message : due to following members: [C:\Users\jason\playground\lib\lite3-cpp\build\lite3-cpp_test.vcxproj]
C:\Users\jason\playground\lib\lite3-cpp\test\test_observability.cpp(80,15): message : 'bool lite3cpp::IMetrics::increment_sync_ops(std::string_view)': is abstract [C:\Users\jason\playground\lib\lite3-cpp\build\lite3-cpp_test.vcxproj]
C:\Users\jason\playground\lib\lite3-cpp\include\observability.hpp(44): message : see declaration of 'lite3cpp::IMetrics::increment_sync_ops' [C:\Users\jason\playground\lib\lite3-cpp\build\lite3-cpp_test.vcxproj]
C:\Users\jason\playground\lib\lite3-cpp\test\test_observability.cpp(80,15): message : 'bool lite3cpp::IMetrics::increment_keys_repaired(void)': is abstract [C:\Users\jason\playground\lib\lite3-cpp\build\lite3-cpp_test.vcxproj]
C:\Users\jason\playground\lib\lite3-cpp\include\observability.hpp(45): message : see declaration of 'lite3cpp::IMetrics::increment_keys_repaired' [C:\Users\jason\playground\lib\lite3-cpp\build\lite3-cpp_test.vcxproj]
C:\Users\jason\playground\lib\lite3-cpp\test\test_observability.cpp(80,15): message : 'bool lite3cpp::IMetrics::increment_mesh_bytes(std::string_view,size_t,bool)': is abstract [C:\Users\jason\playground\lib\lite3-cpp\build\lite3-cpp_test.vcxproj]
C:\Users\jason\playground\lib\lite3-cpp\include\observability.hpp(46): message : see declaration of 'lite3cpp::IMetrics::increment_mesh_bytes' [C:\Users\jason\playground\lib\lite3-cpp\build\lite3-cpp_test.vcxproj]
C:\Users\jason\playground\lib\lite3-cpp\test\test_observability.cpp(146,15): error C2259: 'MockMetrics': cannot instantiate abstract class [C:\Users\jason\playground\lib\lite3-cpp\build\lite3-cpp_test.vcxproj]
C:\Users\jason\playground\lib\lite3-cpp\test\test_observability.cpp(19): message : see declaration of 'MockMetrics' [C:\Users\jason\playground\lib\lite3-cpp\build\lite3-cpp_test.vcxproj]
C:\Users\jason\playground\lib\lite3-cpp\test\test_observability.cpp(146,15): message : due to following members: [C:\Users\jason\playground\lib\lite3-cpp\build\lite3-cpp_test.vcxproj]
C:\Users\jason\playground\lib\lite3-cpp\test\test_observability.cpp(146,15): message : 'bool lite3cpp::IMetrics::increment_sync_ops(std::string_view)': is abstract [C:\Users\jason\playground\lib\lite3-cpp\build\lite3-cpp_test.vcxproj]
C:\Users\jason\playground\lib\lite3-cpp\include\observability.hpp(44): message : see declaration of 'lite3cpp::IMetrics::increment_sync_ops' [C:\Users\jason\playground\lib\lite3-cpp\build\lite3-cpp_test.vcxproj]
C:\Users\jason\playground\lib\lite3-cpp\test\test_observability.cpp(146,15): message : 'bool lite3cpp::IMetrics::increment_keys_repaired(void)': is abstract [C:\Users\jason\playground\lib\lite3-cpp\build\lite3-cpp_test.vcxproj]
C:\Users\jason\playground\lib\lite3-cpp\include\observability.hpp(45): message : see declaration of 'lite3cpp::IMetrics::increment_keys_repaired' [C:\Users\jason\playground\lib\lite3-cpp\build\lite3-cpp_test.vcxproj]
C:\Users\jason\playground\lib\lite3-cpp\test\test_observability.cpp(146,15): message : 'bool lite3cpp::IMetrics::increment_mesh_bytes(std::string_view,size_t,bool)': is abstract [C:\Users\jason\playground\lib\lite3-cpp\build\lite3-cpp_test.vcxproj]
C:\Users\jason\playground\lib\lite3-cpp\include\observability.hpp(46): message : see declaration of 'lite3cpp::IMetrics::increment_mesh_bytes' [C:\Users\jason\playground\lib\lite3-cpp\build\lite3-cpp_test.vcxproj]
C:\Users\jason\playground\lib\lite3-cpp\test\test_observability.cpp(147,15): error C2259: 'MockMetrics': cannot instantiate abstract class [C:\Users\jason\playground\lib\lite3-cpp\build\lite3-cpp_test.vcxproj]
C:\Users\jason\playground\lib\lite3-cpp\test\test_observability.cpp(19): message : see declaration of 'MockMetrics' [C:\Users\jason\playground\lib\lite3-cpp\build\lite3-cpp_test.vcxproj]
C:\Users\jason\playground\lib\lite3-cpp\test\test_observability.cpp(147,15): message : due to following members: [C:\Users\jason\playground\lib\lite3-cpp\build\lite3-cpp_test.vcxproj]
C:\Users\jason\playground\lib\lite3-cpp\test\test_observability.cpp(147,15): message : 'bool lite3cpp::IMetrics::increment_sync_ops(std::string_view)': is abstract [C:\Users\jason\playground\lib\lite3-cpp\build\lite3-cpp_test.vcxproj]
C:\Users\jason\playground\lib\lite3-cpp\include\observability.hpp(44): message : see declaration of 'lite3cpp::IMetrics::increment_sync_ops' [C:\Users\jason\playground\lib\lite3-cpp\build\lite3-cpp_test.vcxproj]
C:\Users\jason\playground\lib\lite3-cpp\test\test_observability.cpp(147,15): message : 'bool lite3cpp::IMetrics::increment_keys_repaired(void)': is abstract [C:\Users\jason\playground\lib\lite3-cpp\build\lite3-cpp_test.vcxproj]
C:\Users\jason\playground\lib\lite3-cpp\include\observability.hpp(45): message : see declaration of 'lite3cpp::IMetrics::increment_keys_repaired' [C:\Users\jason\playground\lib\lite3-cpp\build\lite3-cpp_test.vcxproj]
C:\Users\jason\playground\lib\lite3-cpp\test\test_observability.cpp(147,15): message : 'bool lite3cpp::IMetrics::increment_mesh_bytes(std::string_view,size_t,bool)': is abstract [C:\Users\jason\playground\lib\lite3-cpp\build\lite3-cpp_test.vcxproj]
C:\Users\jason\playground\lib\lite3-cpp\include\observability.hpp(46): message : see declaration of 'lite3cpp::IMetrics::increment_mesh_bytes' [C:\Users\jason\playground\lib\lite3-cpp\build\lite3-cpp_test.vcxproj]
